// Jest Snapshot v1, https://goo.gl/fbAQLP

exports[`createClientWithOidc - integration handle login with existing OIDC credentials 1`] = `
Object {
  "capabilities": Array [
    Object {
      "groupsAcl": Object {
        "actions": Array [
          "CREATE",
          "DELETE",
          "UPDATE",
          "LIST",
          "READ",
        ],
        "scope": Object {
          "all": Object {},
        },
        "version": 1,
      },
      "projectScope": Object {
        "projects": Array [
          "sdkcognite",
        ],
      },
    },
    Object {
      "projectScope": Object {
        "projects": Array [
          "sdkcognite",
        ],
      },
      "projectsAcl": Object {
        "actions": Array [
          "UPDATE",
          "LIST",
          "READ",
        ],
        "scope": Object {
          "all": Object {},
        },
        "version": 1,
      },
    },
    Object {
      "projectScope": Object {
        "projects": Array [
          "sdkcognite",
        ],
      },
      "threedAcl": Object {
        "actions": Array [
          "READ",
          "CREATE",
          "UPDATE",
          "DELETE",
        ],
        "scope": Object {
          "all": Object {},
        },
        "version": 1,
      },
    },
    Object {
      "assetsAcl": Object {
        "actions": Array [
          "READ",
          "WRITE",
        ],
        "scope": Object {
          "all": Object {},
        },
        "version": 1,
      },
      "projectScope": Object {
        "projects": Array [
          "sdkcognite",
        ],
      },
    },
    Object {
      "eventsAcl": Object {
        "actions": Array [
          "READ",
          "WRITE",
        ],
        "scope": Object {
          "all": Object {},
        },
        "version": 1,
      },
      "projectScope": Object {
        "projects": Array [
          "sdkcognite",
        ],
      },
    },
    Object {
      "projectScope": Object {
        "projects": Array [
          "sdkcognite",
        ],
      },
      "securityCategoriesAcl": Object {
        "actions": Array [
          "MEMBEROF",
          "LIST",
          "CREATE",
          "UPDATE",
          "DELETE",
        ],
        "scope": Object {
          "all": Object {},
        },
        "version": 1,
      },
    },
    Object {
      "assetsAcl": Object {
        "actions": Array [
          "READ",
          "WRITE",
        ],
        "scope": Object {
          "all": Object {},
        },
        "version": 1,
      },
      "projectScope": Object {
        "projects": Array [
          "sdkcognite",
        ],
      },
    },
    Object {
      "assetsAcl": Object {
        "actions": Array [
          "READ",
          "WRITE",
        ],
        "scope": Object {
          "all": Object {},
        },
        "version": 1,
      },
      "projectScope": Object {
        "projects": Array [
          "sdkcognite",
        ],
      },
    },
    Object {
      "eventsAcl": Object {
        "actions": Array [
          "READ",
          "WRITE",
        ],
        "scope": Object {
          "all": Object {},
        },
        "version": 1,
      },
      "projectScope": Object {
        "projects": Array [
          "sdkcognite",
        ],
      },
    },
    Object {
      "filesAcl": Object {
        "actions": Array [
          "READ",
          "WRITE",
        ],
        "scope": Object {
          "all": Object {},
        },
        "version": 1,
      },
      "projectScope": Object {
        "projects": Array [
          "sdkcognite",
        ],
      },
    },
    Object {
      "projectScope": Object {
        "projects": Array [
          "sdkcognite",
        ],
      },
      "rawAcl": Object {
        "actions": Array [
          "READ",
          "WRITE",
          "LIST",
        ],
        "scope": Object {
          "all": Object {},
        },
        "version": 1,
      },
    },
    Object {
      "projectScope": Object {
        "projects": Array [
          "sdkcognite",
        ],
      },
      "relationshipsAcl": Object {
        "actions": Array [
          "READ",
          "WRITE",
        ],
        "scope": Object {
          "all": Object {},
        },
        "version": 1,
      },
    },
    Object {
      "projectScope": Object {
        "projects": Array [
          "sdkcognite",
        ],
      },
      "seismicAcl": Object {
        "actions": Array [
          "READ",
          "WRITE",
        ],
        "scope": Object {
          "all": Object {},
        },
        "version": 1,
      },
    },
    Object {
      "projectScope": Object {
        "projects": Array [
          "sdkcognite",
        ],
      },
      "sequencesAcl": Object {
        "actions": Array [
          "READ",
          "WRITE",
        ],
        "scope": Object {
          "all": Object {},
        },
        "version": 1,
      },
    },
    Object {
      "projectScope": Object {
        "projects": Array [
          "sdkcognite",
        ],
      },
      "timeSeriesAcl": Object {
        "actions": Array [
          "READ",
          "WRITE",
        ],
        "scope": Object {
          "all": Object {},
        },
        "version": 1,
      },
    },
    Object {
      "projectScope": Object {
        "projects": Array [
          "sdkcognite",
        ],
      },
      "typesAcl": Object {
        "actions": Array [
          "READ",
          "WRITE",
        ],
        "scope": Object {
          "all": Object {},
        },
        "version": 1,
      },
    },
    Object {
      "projectScope": Object {
        "projects": Array [
          "sdkcognite",
        ],
      },
      "templateGroupsAcl": Object {
        "actions": Array [
          "READ",
          "WRITE",
        ],
        "scope": Object {
          "all": Object {},
        },
        "version": 1,
      },
    },
    Object {
      "projectScope": Object {
        "projects": Array [
          "sdkcognite",
        ],
      },
      "templateInstancesAcl": Object {
        "actions": Array [
          "READ",
          "WRITE",
        ],
        "scope": Object {
          "all": Object {},
        },
        "version": 1,
      },
    },
    Object {
      "datasetsAcl": Object {
        "actions": Array [
          "READ",
          "WRITE",
          "OWNER",
        ],
        "scope": Object {
          "all": Object {},
        },
        "version": 1,
      },
      "projectScope": Object {
        "projects": Array [
          "sdkcognite",
        ],
      },
    },
    Object {
      "projectScope": Object {
        "projects": Array [
          "sdkcognite",
        ],
      },
      "securityCategoriesAcl": Object {
        "actions": Array [
          "MEMBEROF",
          "LIST",
          "CREATE",
          "UPDATE",
          "DELETE",
        ],
        "scope": Object {
          "all": Object {},
        },
        "version": 1,
      },
    },
    Object {
      "apikeysAcl": Object {
        "actions": Array [
          "LIST",
          "READ",
          "CREATE",
          "UPDATE",
          "DELETE",
        ],
        "scope": Object {
          "all": Object {},
        },
        "version": 1,
      },
      "projectScope": Object {
        "projects": Array [
          "sdkcognite",
        ],
      },
    },
    Object {
      "groupsAcl": Object {
        "actions": Array [
          "LIST",
          "READ",
          "CREATE",
          "UPDATE",
          "DELETE",
        ],
        "scope": Object {
          "all": Object {},
        },
        "version": 1,
      },
      "projectScope": Object {
        "projects": Array [
          "sdkcognite",
        ],
      },
    },
    Object {
      "projectScope": Object {
        "projects": Array [
          "sdkcognite",
        ],
      },
      "usersAcl": Object {
        "actions": Array [
          "LIST",
          "READ",
          "CREATE",
          "UPDATE",
          "DELETE",
        ],
        "scope": Object {
          "all": Object {},
        },
        "version": 1,
      },
    },
    Object {
      "projectScope": Object {
        "projects": Array [
          "sdkcognite",
        ],
      },
      "projectsAcl": Object {
        "actions": Array [
          "LIST",
          "READ",
          "UPDATE",
        ],
        "scope": Object {
          "all": Object {},
        },
        "version": 1,
      },
    },
    Object {
      "projectScope": Object {
        "projects": Array [
          "sdkcognite",
        ],
      },
      "sessionsAcl": Object {
        "actions": Array [
          "LIST",
          "CREATE",
        ],
        "scope": Object {
          "all": Object {},
        },
        "version": 1,
      },
    },
    Object {
      "extractionPipelinesAcl": Object {
        "actions": Array [
          "READ",
          "WRITE",
        ],
        "scope": Object {
          "all": Object {},
        },
        "version": 1,
      },
      "projectScope": Object {
        "projects": Array [
          "sdkcognite",
        ],
      },
    },
    Object {
      "extractionRunsAcl": Object {
        "actions": Array [
          "READ",
          "WRITE",
        ],
        "scope": Object {
          "all": Object {},
        },
        "version": 1,
      },
      "projectScope": Object {
        "projects": Array [
          "sdkcognite",
        ],
      },
    },
    Object {
      "digitalTwinAcl": Object {
        "actions": Array [
          "READ",
          "WRITE",
        ],
        "scope": Object {
          "all": Object {},
        },
        "version": 1,
      },
      "projectScope": Object {
        "projects": Array [
          "sdkcognite",
        ],
      },
    },
    Object {
      "modelHostingAcl": Object {
        "actions": Array [
          "READ",
          "WRITE",
        ],
        "scope": Object {
          "all": Object {},
        },
        "version": 1,
      },
      "projectScope": Object {
        "projects": Array [
          "sdkcognite",
        ],
      },
    },
    Object {
      "genericsAcl": Object {
        "actions": Array [
          "READ",
          "WRITE",
        ],
        "scope": Object {
          "all": Object {},
        },
        "version": 1,
      },
      "projectScope": Object {
        "projects": Array [
          "sdkcognite",
        ],
      },
    },
    Object {
      "functionsAcl": Object {
        "actions": Array [
          "READ",
          "WRITE",
        ],
        "scope": Object {
          "all": Object {},
        },
        "version": 1,
      },
      "projectScope": Object {
        "projects": Array [
          "sdkcognite",
        ],
      },
    },
    Object {
      "labelsAcl": Object {
        "actions": Array [
          "READ",
          "WRITE",
        ],
        "scope": Object {
          "all": Object {},
        },
        "version": 1,
      },
      "projectScope": Object {
        "projects": Array [
          "sdkcognite",
        ],
      },
    },
    Object {
      "geospatialAcl": Object {
        "actions": Array [
          "READ",
          "WRITE",
        ],
        "scope": Object {
          "all": Object {},
        },
        "version": 1,
      },
      "projectScope": Object {
        "projects": Array [
          "sdkcognite",
        ],
      },
    },
    Object {
      "entitymatchingAcl": Object {
        "actions": Array [
          "READ",
          "WRITE",
        ],
        "scope": Object {
          "all": Object {},
        },
        "version": 1,
      },
      "projectScope": Object {
        "projects": Array [
          "sdkcognite",
        ],
      },
    },
    Object {
      "documentPipelinesAcl": Object {
        "actions": Array [
          "READ",
          "WRITE",
        ],
        "scope": Object {
          "all": Object {},
        },
        "version": 1,
      },
      "projectScope": Object {
        "projects": Array [
          "sdkcognite",
        ],
      },
    },
    Object {
      "filePipelinesAcl": Object {
        "actions": Array [
          "READ",
          "WRITE",
        ],
        "scope": Object {
          "all": Object {},
        },
        "version": 1,
      },
      "projectScope": Object {
        "projects": Array [
          "sdkcognite",
        ],
      },
    },
    Object {
      "documentFeedbackAcl": Object {
        "actions": Array [
          "CREATE",
          "READ",
          "DELETE",
        ],
        "scope": Object {
          "all": Object {},
        },
        "version": 1,
      },
      "projectScope": Object {
        "projects": Array [
          "sdkcognite",
        ],
      },
    },
    Object {
      "filePipelinesAcl": Object {
        "actions": Array [
          "READ",
          "WRITE",
        ],
        "scope": Object {
          "all": Object {},
        },
        "version": 1,
      },
      "projectScope": Object {
        "projects": Array [
          "sdkcognite",
        ],
      },
    },
    Object {
      "annotationsAcl": Object {
        "actions": Array [
          "WRITE",
          "READ",
          "SUGGEST",
          "REVIEW",
        ],
        "scope": Object {
          "all": Object {},
        },
        "version": 1,
      },
      "projectScope": Object {
        "projects": Array [
          "sdkcognite",
        ],
      },
    },
    Object {
      "projectScope": Object {
        "projects": Array [
          "sdkcognite",
        ],
      },
      "wellsAcl": Object {
        "actions": Array [
          "READ",
          "WRITE",
        ],
        "scope": Object {
          "all": Object {},
        },
        "version": 1,
      },
    },
  ],
  "projects": Array [
    Object {
      "groups": Array [
        4688006025349041,
      ],
      "projectUrlName": "sdkcognite",
    },
  ],
  "subject": "6c5d3548-bf39-4ecc-b9ed-1c676a152780",
}
`;
