// Jest Snapshot v1, https://goo.gl/fbAQLP

exports[`revetable array sorter small array 1`] = `"Impossible to unsort. Input array has a different length from original."`;
