// Jest Snapshot v1, https://goo.gl/fbAQLP

exports[`makeAutoPaginationMethods correct usage 1`] = `
Array [
  1,
  2,
  3,
  5,
  8,
  13,
  21,
  34,
  55,
  89,
]
`;
